<?xml version="1.0" encoding="UTF-8"?>
<testsuites name="ClickUp Comments CRUD Full Cycle" tests="13" time="3.061">
  <testsuite name="POST - Create Flow / Create Comment" id="59e01903-cd1d-4941-ab8f-60056cf28d51" timestamp="2026-06-30T18:18:18.586Z" tests="2" failures="0" errors="0" time="0.458">
    <testcase name="Status code 200/201" time="0.458" classname="PostCreateFlowCreateComment"/>
    <testcase name="Has ID" time="0.458" classname="PostCreateFlowCreateComment"/>
  </testsuite>
  <testsuite name="POST - Create Flow / Get Created Comment" id="9833ef40-c3ac-412f-8493-48c54958f020" timestamp="2026-06-30T18:18:18.586Z" tests="2" failures="0" errors="0" time="0.180">
    <testcase name="Status 200" time="0.180" classname="PostCreateFlowGetCreatedComment"/>
    <testcase name="Correct comment returned" time="0.180" classname="PostCreateFlowGetCreatedComment"/>
  </testsuite>
  <testsuite name="POST - Create Flow / Delete Created Comment" id="f51fc719-7b7e-4947-aafc-6455b3a931ea" timestamp="2026-06-30T18:18:18.586Z" tests="1" failures="0" errors="0" time="0.225">
    <testcase name="Deleted successfully" time="0.225" classname="PostCreateFlowDeleteCreatedComment"/>
  </testsuite>
  <testsuite name="GET - Read Flow / Create Comment" id="75559493-88df-413c-bc38-a0b826641dd9" timestamp="2026-06-30T18:18:18.586Z" tests="2" failures="0" errors="0" time="0.236">
    <testcase name="Status code 200/201" time="0.236" classname="GetReadFlowCreateComment"/>
    <testcase name="Has ID" time="0.236" classname="GetReadFlowCreateComment"/>
  </testsuite>
  <testsuite name="GET - Read Flow / Get All Comments" id="34cf0a99-a7e0-4f4b-bdd8-b29aa74c4a9b" timestamp="2026-06-30T18:18:18.586Z" tests="2" failures="0" errors="0" time="0.188">
    <testcase name="Status 200" time="0.188" classname="GetReadFlowGetAllComments"/>
    <testcase name="Comments array exists" time="0.188" classname="GetReadFlowGetAllComments"/>
  </testsuite>
  <testsuite name="GET - Read Flow / Delete created Comment" id="ffae9c22-e8c2-4580-baea-ceda76d2159f" timestamp="2026-06-30T18:18:18.586Z" tests="1" failures="0" errors="0" time="0.198">
    <testcase name="Deleted successfully" time="0.198" classname="GetReadFlowDeleteCreatedComment"/>
  </testsuite>
  <testsuite name="UPDATE - Update Flow / Create Comment" id="9db7d927-68b5-4c00-a60f-1eaf81966e5c" timestamp="2026-06-30T18:18:18.586Z" tests="2" failures="0" errors="0" time="0.299">
    <testcase name="Status code 200/201" time="0.299" classname="UpdateUpdateFlowCreateComment"/>
    <testcase name="Has ID" time="0.299" classname="UpdateUpdateFlowCreateComment"/>
  </testsuite>
  <testsuite name="UPDATE - Update Flow / Update Comment" id="aecb4b13-e3e3-4b46-b73e-0d0e455bfc80" timestamp="2026-06-30T18:18:18.586Z" tests="2" failures="0" errors="0" time="0.218">
    <testcase name="Updated successfully" time="0.218" classname="UpdateUpdateFlowUpdateComment"/>
    <testcase name="Text updated" time="0.218" classname="UpdateUpdateFlowUpdateComment"/>
  </testsuite>
  <testsuite name="UPDATE - Update Flow / Get Created Comment" id="de58d409-ef58-457f-bc7b-44b1aea5f248" timestamp="2026-06-30T18:18:18.586Z" tests="2" failures="0" errors="0" time="0.165">
    <testcase name="Status 200" time="0.165" classname="UpdateUpdateFlowGetCreatedComment"/>
    <testcase name="Correct comment returned" time="0.165" classname="UpdateUpdateFlowGetCreatedComment"/>
  </testsuite>
  <testsuite name="UPDATE - Update Flow / Delete Created Comment" id="b69aef74-6b1c-4c0c-b6ed-1ef56f486059" timestamp="2026-06-30T18:18:18.586Z" tests="1" failures="0" errors="0" time="0.248">
    <testcase name="Deleted successfully" time="0.248" classname="UpdateUpdateFlowDeleteCreatedComment"/>
  </testsuite>
  <testsuite name="DELETE - Delete Flow / Create Comment" id="10e91a1a-992c-4aa2-8a36-1935cec0b7ca" timestamp="2026-06-30T18:18:18.586Z" tests="2" failures="0" errors="0" time="0.230">
    <testcase name="Status code 200/201" time="0.230" classname="DeleteDeleteFlowCreateComment"/>
    <testcase name="Has ID" time="0.230" classname="DeleteDeleteFlowCreateComment"/>
  </testsuite>
  <testsuite name="DELETE - Delete Flow / Get Created Comment" id="d4fe8e0e-05ed-4a72-bf56-51ed54a9c718" timestamp="2026-06-30T18:18:18.586Z" tests="2" failures="0" errors="0" time="0.170">
    <testcase name="Status 200" time="0.170" classname="DeleteDeleteFlowGetCreatedComment"/>
    <testcase name="Correct comment returned" time="0.170" classname="DeleteDeleteFlowGetCreatedComment"/>
  </testsuite>
  <testsuite name="DELETE - Delete Flow / Delete Comment" id="3ad3cbdd-15a1-4e0c-b0f9-133b400ba15c" timestamp="2026-06-30T18:18:18.586Z" tests="1" failures="0" errors="0" time="0.246">
    <testcase name="Deleted successfully" time="0.246" classname="DeleteDeleteFlowDeleteComment"/>
  </testsuite>
</testsuites>